COMMAND: ["C:\\Users\\tenso\\scoop\\shims\\ngspice.EXE", "-n", "-b", "-r", "C:\\Users\\tenso\\AppData\\Local\\Temp\\anvil-si-gegy38w8\\out.raw", "C:\\dev\\anvil\\examples\\rf-frontend\\analysis\\si\\si-CLK_OUT.cir"]
EXIT: 0

Note: No compatibility mode selected!


Circuit: * anvil si /clk_out

ASCII raw file "C:\Users\tenso\AppData\Local\Temp\anvil-si-gegy38w8\out.raw"
Doing analysis at TEMP = 27.000000 and TNOM = 27.000000

Using SPARSE 1.3 as Direct Linear Solver
No. of Data Columns : 16  

Initial Transient Solution
--------------------------

Node                                   Voltage
----                                   -------
src                                          0
n1                                           0
n3                                           0
n2                                           0
vterm                                        0
vterm#branch                                 0
vsrc#branch                                  0


No. of Data Rows : 3242

Total analysis time (seconds) = 0.0353899

Total elapsed time (seconds) = 0.054 

Total DRAM available = 23981.586 MB.
DRAM currently available = 9034.645 MB.
Maximum ngspice program size =   10.023 MB.
Current ngspice program size =   10.023 MB.


/CLK_OUT: 2 segments, total flight 80 ps; lines F.Cu w0.32: 49.7 ohm 5.94 ps/mm
/CLK_OUT@J3.1:overshoot: -1.34572e-13 % margin=15.000000000000134572488 PASS
  ngspice transient on the field-solved routed topology
/CLK_OUT@J3.1:ringback: 9.75582 % margin=10.2441787 PASS
  ngspice transient on the field-solved routed topology
/CLK_OUT@J3.1:delay: 0.105237 ns margin=0.8947629 PASS
  ngspice transient on the field-solved routed topology
/CLK_OUT@J3.1:settle: 0.5525 ns margin=4.4475 PASS
  ngspice transient on the field-solved routed topology
SI: 4/4
