R-01: 103.641 mA margin=6.358925 PASS
  bias_current(supply_v=12;device_v=4.4;resistance_ohm=73.33) resistor_w=0.7877 cites=GALI-84+ Vd 4.4 V / Id 100 mA (datasheet); three 220R in parallel (iteration 2: was two 150R, R-03 failed); AOE-3330
R-02: 120.005 mA margin=9.994545 PASS
  bias_current(supply_v=13.2;device_v=4.4;resistance_ohm=73.33) resistor_w=1.056 cites=worst-case +10 % input
R-03: 35.2 % margin=14.8 PASS
  derating_ratio(applied=0.352;rated=1.0)  cites=R1/R3/R5 each: (40.0 mA)^2 x 220R at 13.2 V vs 1 W 2512 rating; WILSON-394 (2x derating)
R-04: 317.929 ohm margin=67.929177 PASS
  inductor_reactance(inductance_nh=22;frequency_mhz=2300)  cites=RF choke L1 >= 5 x Z0 at the band bottom; AOE-3330
R-05: 3.05858 ohm margin=1.94141976 PASS
  capacitor_reactance(capacitance_pf=10;frequency_mhz=2500;esl_nh=0.6)  cites=DC blocks C1/C2 series |X| with body ESL <= Z0/10 at the band top (ARCH-067 NPO ESL; 100 pF was 8.8 ohm inductive, iteration 12); AOE-3330
R-11: 2.58438 ohm margin=2.41561773 PASS
  capacitor_reactance(capacitance_pf=10;frequency_mhz=2300;esl_nh=0.3)  cites=same at the band bottom with a low 0402 ESL (capacitive corner); AOE-3330
R-06: 3.05858 ohm margin=6.94141976 PASS
  capacitor_reactance(capacitance_pf=10;frequency_mhz=2500;esl_nh=0.6)  cites=RF bypass C3 at the bias node with its ESL: << the 22 nH choke (R-04); ARCH-067
R-07: 70.4767 C margin=50.4767 PASS
  linear_regulator_dissipation(vin_v=13.2;vout_v=3.3;iout_a=0.0163;theta_ja_c_per_w=90;ta_c=40;tj_max_c=125) power_w=0.1614 tj_c=54.52 cites=AMS1117 SOT-223 theta_JA 90 C/W (datasheet); oscillator 15 mA + LED 1.3 mA
R-08: 0.253466 C margin=9.746533841 PASS
  trace_rise_ipc2152(current_a=0.15;width_mm=0.25;thickness_mm=0.035;layer=external) width_mil=9.843 thickness_mil=1.378 cites=12 V input path, narrowest routed width; BROOKS-046
R-09: 50.4315 dB margin=30.4314781 PASS
  return_loss(z_load_ohm=49.7;z0_ohm=50) vswr=1.006 gamma=0.003009 cites=field-solved RF line vs 50 ohm system (tools/size_rf_line.py)
R-10: 1.3 mA margin=0.5 PASS
  bias_current(supply_v=3.3;device_v=2.0;resistance_ohm=1000) resistor_w=0.00169 cites=indicator LED Vf 2.0 V (datasheet)
RULES: 11/11
