/RF_IN:z0@F.Cu/0.32mm/gap0.89|0.89: 51.3967 ohm margin=3.6033367 PASS
  2-D field solution of the board stackup and refilled reference copper (validated <1 % vs exact solutions)
/RF_IN:z0@F.Cu/0.32mm/gap0.305|0.305: 49.7491 ohm margin=4.7490516 PASS
  2-D field solution of the board stackup and refilled reference copper (validated <1 % vs exact solutions)
/RF_IN:length: 5.18 mm margin=4.82 PASS
  routed copper length
/RF_IN:return_path: 0 mm margin=0.2 PASS
  trace length (outside its own pads) without an adjacent ['GND'] plane (return current detours: ARCH, BOGATIN return-path rules)
/RF_A:z0@F.Cu/0.32mm/gap0.33|0.33: 50.0457 ohm margin=4.9543352 PASS
  2-D field solution of the board stackup and refilled reference copper (validated <1 % vs exact solutions)
/RF_A:z0@F.Cu/0.32mm/gap0.305|0.305: 49.7491 ohm margin=4.7490516 PASS
  2-D field solution of the board stackup and refilled reference copper (validated <1 % vs exact solutions)
/RF_A:z0@F.Cu/0.32mm/gap0.745|0.745: 51.3399 ohm margin=3.6601031 PASS
  2-D field solution of the board stackup and refilled reference copper (validated <1 % vs exact solutions)
/RF_A:length: 4.52 mm margin=5.48 PASS
  routed copper length
/RF_A:return_path: 0 mm margin=0.2 PASS
  trace length (outside its own pads) without an adjacent ['GND'] plane (return current detours: ARCH, BOGATIN return-path rules)
/RF_B:z0@F.Cu/0.32mm/gap0.49|0.49: 50.949 ohm margin=4.0509947 PASS
  2-D field solution of the board stackup and refilled reference copper (validated <1 % vs exact solutions)
/RF_B:z0@F.Cu/0.32mm/gap0.305|-: 50.5802 ohm margin=4.4198467 PASS
  2-D field solution of the board stackup and refilled reference copper (validated <1 % vs exact solutions)
/RF_B:z0@F.Cu/0.32mm/gap0.305|0.305: 49.7491 ohm margin=4.7490516 PASS
  2-D field solution of the board stackup and refilled reference copper (validated <1 % vs exact solutions)
/RF_B:z0@F.Cu/0.32mm: 51.4157 ohm margin=3.5842539 PASS
  2-D field solution of the board stackup and refilled reference copper (validated <1 % vs exact solutions)
/RF_B:z0@F.Cu/0.32mm/gap0.32|0.32: 49.9257 ohm margin=4.9256611 PASS
  2-D field solution of the board stackup and refilled reference copper (validated <1 % vs exact solutions)
/RF_B:z0@F.Cu/0.32mm/gap0.525|0.525: 51.0427 ohm margin=3.957262 PASS
  2-D field solution of the board stackup and refilled reference copper (validated <1 % vs exact solutions)
/RF_B:length: 8.7325 mm margin=3.2675 PASS
  routed copper length
/RF_B:return_path: 0 mm margin=0.2 PASS
  trace length (outside its own pads) without an adjacent ['GND'] plane (return current detours: ARCH, BOGATIN return-path rules)
/RF_OUT:z0@F.Cu/0.32mm/gap0.305|0.305: 49.7491 ohm margin=4.7490516 PASS
  2-D field solution of the board stackup and refilled reference copper (validated <1 % vs exact solutions)
/RF_OUT:length: 22.68 mm margin=7.32 PASS
  routed copper length
/RF_OUT:return_path: 0 mm margin=0.2 PASS
  trace length (outside its own pads) without an adjacent ['GND'] plane (return current detours: ARCH, BOGATIN return-path rules)
+12V:trace_rise: 0.327617 C margin=9.672382947 PASS
  narrowest heating: 0.2 mm on F.Cu (IPC-2152 fit, lone trace in still air: BROOKS-046/048)
+12V:clearance@F.Cu: 0.202172 mm margin=0.102172135 PASS
  binding neighbour +3V3 at 9.9 V difference; IPC-2221 Table 6-1 B2 needs 0.1 mm
+12V:clearance@In1.Cu: 0.3005 mm margin=0.2505 PASS
  binding neighbour GND at 13.2 V difference; IPC-2221 Table 6-1 B1 needs 0.05 mm
+12V:clearance@In2.Cu: 0.3005 mm margin=0.2505 PASS
  binding neighbour +3V3 at 9.9 V difference; IPC-2221 Table 6-1 B1 needs 0.05 mm
+12V:clearance@B.Cu: 0.3005 mm margin=0.2005 PASS
  binding neighbour GND at 13.2 V difference; IPC-2221 Table 6-1 B2 needs 0.1 mm
/BIAS:trace_rise: 0.246077 C margin=9.753923191 PASS
  narrowest heating: 0.2 mm on F.Cu (IPC-2152 fit, lone trace in still air: BROOKS-046/048)
/BIAS:clearance@F.Cu: 0.2202 mm margin=0.1202 PASS
  binding neighbour +12V at 0 V difference; IPC-2221 Table 6-1 B2 needs 0.1 mm
+3V3:trace_rise: 0.00365375 C margin=9.99634624835 PASS
  narrowest heating: 0.3 mm on F.Cu (IPC-2152 fit, lone trace in still air: BROOKS-046/048)
+3V3:via_group1: 3.35103 ratio margin=2.35103216 PASS
  1 via(s) near (31.52,22.54); 2*A_via/A_trace (BROOKS-079/081)
+3V3:via_group2: 3.35103 ratio margin=2.35103216 PASS
  1 via(s) near (32.95,28.02); 2*A_via/A_trace (BROOKS-079/081)
+3V3:via_group3: 3.35103 ratio margin=2.35103216 PASS
  1 via(s) near (19.15,27.45); 2*A_via/A_trace (BROOKS-079/081)
+3V3:via_group4: 3.35103 ratio margin=2.35103216 PASS
  1 via(s) near (22.05,27.62); 2*A_via/A_trace (BROOKS-079/081)
+3V3:via_group5: 3.35103 ratio margin=2.35103216 PASS
  1 via(s) near (11.20,30.00); 2*A_via/A_trace (BROOKS-079/081)
+3V3:via_group6: 3.35103 ratio margin=2.35103216 PASS
  1 via(s) near (31.65,25.18); 2*A_via/A_trace (BROOKS-079/081)
+3V3:via_group7: 3.35103 ratio margin=2.35103216 PASS
  1 via(s) near (22.52,31.04); 2*A_via/A_trace (BROOKS-079/081)
+3V3:via_group8: 3.35103 ratio margin=2.35103216 PASS
  1 via(s) near (29.51,33.03); 2*A_via/A_trace (BROOKS-079/081)
+3V3:clearance@F.Cu: 0.202172 mm margin=0.102172135 PASS
  binding neighbour +12V at 9.9 V difference; IPC-2221 Table 6-1 B2 needs 0.1 mm
+3V3:clearance@In1.Cu: 0.3005 mm margin=0.250499726 PASS
  binding neighbour GND at 3.3 V difference; IPC-2221 Table 6-1 B1 needs 0.05 mm
+3V3:clearance@In2.Cu: 0.300499 mm margin=0.250499498 PASS
  binding neighbour GND at 3.3 V difference; IPC-2221 Table 6-1 B1 needs 0.05 mm
+3V3:clearance@B.Cu: 0.3005 mm margin=0.200499726 PASS
  binding neighbour GND at 3.3 V difference; IPC-2221 Table 6-1 B2 needs 0.1 mm
/CLK_OUT:length: 13.475 mm margin=6.525001 PASS
  routed copper length
/CLK_OUT:return_path: 0 mm margin=0.2 PASS
  trace length (outside its own pads) without an adjacent ['GND'] plane (return current detours: ARCH, BOGATIN return-path rules)
/RF_IN:via_fence_gap: 1.45 mm margin=1.864555445535838 PASS
  largest unfenced run along the RF trace, band 1.5 mm each side; lambda_eff = 33.1 mm at 5e+09 Hz (ARCH-065: <= lambda/10)
/RF_IN:vias: 0 count margin=0 PASS
  layer changes on the RF path (each via adds a discontinuity)
/RF_IN:sharp_bends: 0 count margin=0 PASS
  direction changes above 45 degrees on the RF trace (miter or arc them)
/RF_IN:stitching: 1.49702 mm margin=0.160255342767919 PASS
  worst distance from same-layer ground pour (within 5 mm of the trace) to a stitching via, at (5.84,8.00); lambda_eff/20 (WILLIAMS-2038)
/RF_A:via_fence_gap: 1.5 mm margin=1.8663420819613705 PASS
  largest unfenced run along the RF trace, band 1.5 mm each side; lambda_eff = 33.7 mm at 5e+09 Hz (ARCH-065: <= lambda/10)
/RF_A:vias: 0 count margin=0 PASS
  layer changes on the RF path (each via adds a discontinuity)
/RF_A:sharp_bends: 0 count margin=0 PASS
  direction changes above 45 degrees on the RF trace (miter or arc them)
/RF_A:stitching: 1.49848 mm margin=0.1846864709806853 PASS
  worst distance from same-layer ground pour (within 5 mm of the trace) to a stitching via, at (5.48,8.75); lambda_eff/20 (WILLIAMS-2038)
/RF_B:via_fence_gap: 2.5 mm margin=0.8663420819613705 PASS
  largest unfenced run along the RF trace, band 1.5 mm each side; lambda_eff = 33.7 mm at 5e+09 Hz (ARCH-065: <= lambda/10)
/RF_B:vias: 0 count margin=0 PASS
  layer changes on the RF path (each via adds a discontinuity)
/RF_B:sharp_bends: 0 count margin=0 PASS
  direction changes above 45 degrees on the RF trace (miter or arc them)
/RF_B:stitching: 1.52069 mm margin=0.1624804109806853 PASS
  worst distance from same-layer ground pour (within 5 mm of the trace) to a stitching via, at (20.00,18.00); lambda_eff/20 (WILLIAMS-2038)
/RF_OUT:via_fence_gap: 1.50662 mm margin=1.8597195619613705 PASS
  largest unfenced run along the RF trace, band 1.5 mm each side; lambda_eff = 33.7 mm at 5e+09 Hz (ARCH-065: <= lambda/10)
/RF_OUT:vias: 0 count margin=0 PASS
  layer changes on the RF path (each via adds a discontinuity)
/RF_OUT:sharp_bends: 0 count margin=0 PASS
  direction changes above 45 degrees on the RF trace (miter or arc them)
/RF_OUT:stitching: 1.50097 mm margin=0.1822046809806853 PASS
  worst distance from same-layer ground pour (within 5 mm of the trace) to a stitching via, at (44.48,8.75); lambda_eff/20 (WILLIAMS-2038)
LAYOUT: 58/58
